// Jest Snapshot v1, https://goo.gl/fbAQLP

exports[`should render correctly 1`] = `
<DocumentFragment>
  <div
    class="sc-dkrFOg cMtRkw"
  >
    <div
      class="sc-gswNZR sc-hLBbgP gEXMqd fQsMiO"
    >
      Episodes: 50
    </div>
    <div
      class="sc-gswNZR sc-eDvSVe gEXMqd dxipTt"
    >
      <table
        class="sc-jSUZER bdqSAc"
      >
        <thead>
          <tr
            class="sc-gKPRtg czFCta"
          >
            <th
              class="sc-iBYQkv fyqQfd"
            >
              Title
            </th>
            <th
              class="sc-iBYQkv fyqQfd"
            >
              Date
            </th>
            <th
              class="sc-iBYQkv fyqQfd"
            >
              Duration
            </th>
          </tr>
        </thead>
        <tbody>
          <tr
            class="sc-gKPRtg czFCta"
            data-testid="podcast-episode-1000602410388"
          >
            <td
              class="sc-ftTHYK dyYHEN"
            >
              <a
                class="sc-bcXHqe sc-pyfCe iklKes hLSKwC"
                data-testid="podcast-episode-link"
                href="/episode/1000602410388"
              >
                Week Six of the Alex Murdaugh Trial: ‘What A Tangled Web We Weave’
              </a>
            </td>
            <td
              class="sc-ftTHYK dyYHEN"
              data-testid="podcast-episode-release-date"
            >
              3/2/2023
            </td>
            <td
              class="sc-ftTHYK dyYHEN"
              data-testid="podcast-episode-length"
            >
              01:26:36
            </td>
          </tr>
          <tr
            class="sc-gKPRtg czFCta"
            data-testid="podcast-episode-1000601141927"
          >
            <td
              class="sc-ftTHYK dyYHEN"
            >
              <a
                class="sc-bcXHqe sc-pyfCe iklKes hLSKwC"
                data-testid="podcast-episode-link"
                href="/episode/1000601141927"
              >
                Week Five of Alex Murdaugh's Trial: Maggie’s & Paul’s Last Day on Earth And The  Timeline That Traps The Defense
              </a>
            </td>
            <td
              class="sc-ftTHYK dyYHEN"
              data-testid="podcast-episode-release-date"
            >
              2/22/2023
            </td>
            <td
              class="sc-ftTHYK dyYHEN"
              data-testid="podcast-episode-length"
            >
              00:55:53
            </td>
          </tr>
          <tr
            class="sc-gKPRtg czFCta"
            data-testid="podcast-episode-1000599890505"
          >
            <td
              class="sc-ftTHYK dyYHEN"
            >
              <a
                class="sc-bcXHqe sc-pyfCe iklKes hLSKwC"
                data-testid="podcast-episode-link"
                href="/episode/1000599890505"
              >
                Alex Murdaugh Trial Week Four: How many lies will the jury buy?
              </a>
            </td>
            <td
              class="sc-ftTHYK dyYHEN"
              data-testid="podcast-episode-release-date"
            >
              2/16/2023
            </td>
            <td
              class="sc-ftTHYK dyYHEN"
              data-testid="podcast-episode-length"
            >
              00:57:36
            </td>
          </tr>
          <tr
            class="sc-gKPRtg czFCta"
            data-testid="podcast-episode-1000598595137"
          >
            <td
              class="sc-ftTHYK dyYHEN"
            >
              <a
                class="sc-bcXHqe sc-pyfCe iklKes hLSKwC"
                data-testid="podcast-episode-link"
                href="/episode/1000598595137"
              >
                Alex Murdaugh Trial Week 3: Trust, Brotherhood & Understanding The Motive
              </a>
            </td>
            <td
              class="sc-ftTHYK dyYHEN"
              data-testid="podcast-episode-release-date"
            >
              2/8/2023
            </td>
            <td
              class="sc-ftTHYK dyYHEN"
              data-testid="podcast-episode-length"
            >
              01:05:10
            </td>
          </tr>
          <tr
            class="sc-gKPRtg czFCta"
            data-testid="podcast-episode-1000597664526"
          >
            <td
              class="sc-ftTHYK dyYHEN"
            >
              <a
                class="sc-bcXHqe sc-pyfCe iklKes hLSKwC"
                data-testid="podcast-episode-link"
                href="/episode/1000597664526"
              >
                Evidence Stacks Up Against Alex Murdaugh In Week 2 Of Trial
              </a>
            </td>
            <td
              class="sc-ftTHYK dyYHEN"
              data-testid="podcast-episode-release-date"
            >
              2/2/2023
            </td>
            <td
              class="sc-ftTHYK dyYHEN"
              data-testid="podcast-episode-length"
            >
              01:25:17
            </td>
          </tr>
          <tr
            class="sc-gKPRtg czFCta"
            data-testid="podcast-episode-1000597215539"
          >
            <td
              class="sc-ftTHYK dyYHEN"
            >
              <a
                class="sc-bcXHqe sc-pyfCe iklKes hLSKwC"
                data-testid="podcast-episode-link"
                href="/episode/1000597215539"
              >
                Feed Drop: CUP OF JUSTICE, Now On A Separate Feed!
              </a>
            </td>
            <td
              class="sc-ftTHYK dyYHEN"
              data-testid="podcast-episode-release-date"
            >
              1/30/2023
            </td>
            <td
              class="sc-ftTHYK dyYHEN"
              data-testid="podcast-episode-length"
            >
              00:07:26
            </td>
          </tr>
          <tr
            class="sc-gKPRtg czFCta"
            data-testid="podcast-episode-1000596676461"
          >
            <td
              class="sc-ftTHYK dyYHEN"
            >
              <a
                class="sc-bcXHqe sc-pyfCe iklKes hLSKwC"
                data-testid="podcast-episode-link"
                href="/episode/1000596676461"
              >
                It’s Finally Here: The Trial of Alex Murdaugh Begins with Big Revelations
              </a>
            </td>
            <td
              class="sc-ftTHYK dyYHEN"
              data-testid="podcast-episode-release-date"
            >
              1/26/2023
            </td>
            <td
              class="sc-ftTHYK dyYHEN"
              data-testid="podcast-episode-length"
            >
              01:10:09
            </td>
          </tr>
          <tr
            class="sc-gKPRtg czFCta"
            data-testid="podcast-episode-1000596024787"
          >
            <td
              class="sc-ftTHYK dyYHEN"
            >
              <a
                class="sc-bcXHqe sc-pyfCe iklKes hLSKwC"
                data-testid="podcast-episode-link"
                href="/episode/1000596024787"
              >
                Cup of Justice Bonus 14: The Most Aggressive Form of the Truth: Dick and Jim Push the Limits in Latest Motion
              </a>
            </td>
            <td
              class="sc-ftTHYK dyYHEN"
              data-testid="podcast-episode-release-date"
            >
              1/23/2023
            </td>
            <td
              class="sc-ftTHYK dyYHEN"
              data-testid="podcast-episode-length"
            >
              01:16:01
            </td>
          </tr>
          <tr
            class="sc-gKPRtg czFCta"
            data-testid="podcast-episode-1000595190870"
          >
            <td
              class="sc-ftTHYK dyYHEN"
            >
              <a
                class="sc-bcXHqe sc-pyfCe iklKes hLSKwC"
                data-testid="podcast-episode-link"
                href="/episode/1000595190870"
              >
                Prelude To Murdaugh Murders Trial + ‘Tombstone’ Friends and the Good Ole Boy Enablers
              </a>
            </td>
            <td
              class="sc-ftTHYK dyYHEN"
              data-testid="podcast-episode-release-date"
            >
              1/18/2023
            </td>
            <td
              class="sc-ftTHYK dyYHEN"
              data-testid="podcast-episode-length"
            >
              00:54:41
            </td>
          </tr>
          <tr
            class="sc-gKPRtg czFCta"
            data-testid="podcast-episode-1000593686021"
          >
            <td
              class="sc-ftTHYK dyYHEN"
            >
              <a
                class="sc-bcXHqe sc-pyfCe iklKes hLSKwC"
                data-testid="podcast-episode-link"
                href="/episode/1000593686021"
              >
                Buster Breaks Free? Details of the Boat Crash Settlement
              </a>
            </td>
            <td
              class="sc-ftTHYK dyYHEN"
              data-testid="podcast-episode-release-date"
            >
              1/11/2023
            </td>
            <td
              class="sc-ftTHYK dyYHEN"
              data-testid="podcast-episode-length"
            >
              00:46:20
            </td>
          </tr>
          <tr
            class="sc-gKPRtg czFCta"
            data-testid="podcast-episode-1000592301747"
          >
            <td
              class="sc-ftTHYK dyYHEN"
            >
              <a
                class="sc-bcXHqe sc-pyfCe iklKes hLSKwC"
                data-testid="podcast-episode-link"
                href="/episode/1000592301747"
              >
                Dividing and Hiding the Facts: The Self-Victimization of Alex Murdaugh
              </a>
            </td>
            <td
              class="sc-ftTHYK dyYHEN"
              data-testid="podcast-episode-release-date"
            >
              1/4/2023
            </td>
            <td
              class="sc-ftTHYK dyYHEN"
              data-testid="podcast-episode-length"
            >
              00:51:49
            </td>
          </tr>
          <tr
            class="sc-gKPRtg czFCta"
            data-testid="podcast-episode-1000591467020"
          >
            <td
              class="sc-ftTHYK dyYHEN"
            >
              <a
                class="sc-bcXHqe sc-pyfCe iklKes hLSKwC"
                data-testid="podcast-episode-link"
                href="/episode/1000591467020"
              >
                Cup of Justice Bonus 12: What evidence will be allowed in the murder trial? + What the new charges could mean for Alex’s victims?
              </a>
            </td>
            <td
              class="sc-ftTHYK dyYHEN"
              data-testid="podcast-episode-release-date"
            >
              12/28/2022
            </td>
            <td
              class="sc-ftTHYK dyYHEN"
              data-testid="podcast-episode-length"
            >
              00:54:51
            </td>
          </tr>
          <tr
            class="sc-gKPRtg czFCta"
            data-testid="podcast-episode-1000590841327"
          >
            <td
              class="sc-ftTHYK dyYHEN"
            >
              <a
                class="sc-bcXHqe sc-pyfCe iklKes hLSKwC"
                data-testid="podcast-episode-link"
                href="/episode/1000590841327"
              >
                What Happened To The Money? Part Six + The Only Case Alex Prosecuted
              </a>
            </td>
            <td
              class="sc-ftTHYK dyYHEN"
              data-testid="podcast-episode-release-date"
            >
              12/21/2022
            </td>
            <td
              class="sc-ftTHYK dyYHEN"
              data-testid="podcast-episode-length"
            >
              00:52:36
            </td>
          </tr>
          <tr
            class="sc-gKPRtg czFCta"
            data-testid="podcast-episode-1000590129471"
          >
            <td
              class="sc-ftTHYK dyYHEN"
            >
              <a
                class="sc-bcXHqe sc-pyfCe iklKes hLSKwC"
                data-testid="podcast-episode-link"
                href="/episode/1000590129471"
              >
                Bad Blood & Bad Dudes - Accusations Fly In Double Homicide Hearing
              </a>
            </td>
            <td
              class="sc-ftTHYK dyYHEN"
              data-testid="podcast-episode-release-date"
            >
              12/14/2022
            </td>
            <td
              class="sc-ftTHYK dyYHEN"
              data-testid="podcast-episode-length"
            >
              01:07:54
            </td>
          </tr>
          <tr
            class="sc-gKPRtg czFCta"
            data-testid="podcast-episode-1000589155176"
          >
            <td
              class="sc-ftTHYK dyYHEN"
            >
              <a
                class="sc-bcXHqe sc-pyfCe iklKes hLSKwC"
                data-testid="podcast-episode-link"
                href="/episode/1000589155176"
              >
                Who is Blanca? And What is PMPED Trying to Do Here?
              </a>
            </td>
            <td
              class="sc-ftTHYK dyYHEN"
              data-testid="podcast-episode-release-date"
            >
              12/7/2022
            </td>
            <td
              class="sc-ftTHYK dyYHEN"
              data-testid="podcast-episode-length"
            >
              00:51:43
            </td>
          </tr>
          <tr
            class="sc-gKPRtg czFCta"
            data-testid="podcast-episode-1000588057199"
          >
            <td
              class="sc-ftTHYK dyYHEN"
            >
              <a
                class="sc-bcXHqe sc-pyfCe iklKes hLSKwC"
                data-testid="podcast-episode-link"
                href="/episode/1000588057199"
              >
                More Lies and Alibis: What We’re Learning Before The Double Homicide Trial
              </a>
            </td>
            <td
              class="sc-ftTHYK dyYHEN"
              data-testid="podcast-episode-release-date"
            >
              11/30/2022
            </td>
            <td
              class="sc-ftTHYK dyYHEN"
              data-testid="podcast-episode-length"
            >
              01:05:24
            </td>
          </tr>
          <tr
            class="sc-gKPRtg czFCta"
            data-testid="podcast-episode-1000587324441"
          >
            <td
              class="sc-ftTHYK dyYHEN"
            >
              <a
                class="sc-bcXHqe sc-pyfCe iklKes hLSKwC"
                data-testid="podcast-episode-link"
                href="/episode/1000587324441"
              >
                ‘Accountability Happens Here’: Russell Laffitte Found Guilty On All Charges
              </a>
            </td>
            <td
              class="sc-ftTHYK dyYHEN"
              data-testid="podcast-episode-release-date"
            >
              11/24/2022
            </td>
            <td
              class="sc-ftTHYK dyYHEN"
              data-testid="podcast-episode-length"
            >
              01:01:35
            </td>
          </tr>
          <tr
            class="sc-gKPRtg czFCta"
            data-testid="podcast-episode-1000586515836"
          >
            <td
              class="sc-ftTHYK dyYHEN"
            >
              <a
                class="sc-bcXHqe sc-pyfCe iklKes hLSKwC"
                data-testid="podcast-episode-link"
                href="/episode/1000586515836"
              >
                MMP Live from Charleston: Bombshells and Breakdowns in The Russell Laffitte Trial
              </a>
            </td>
            <td
              class="sc-ftTHYK dyYHEN"
              data-testid="podcast-episode-release-date"
            >
              11/17/2022
            </td>
            <td
              class="sc-ftTHYK dyYHEN"
              data-testid="podcast-episode-length"
            >
              00:52:16
            </td>
          </tr>
          <tr
            class="sc-gKPRtg czFCta"
            data-testid="podcast-episode-1000585701730"
          >
            <td
              class="sc-ftTHYK dyYHEN"
            >
              <a
                class="sc-bcXHqe sc-pyfCe iklKes hLSKwC"
                data-testid="podcast-episode-link"
                href="/episode/1000585701730"
              >
                MMP Live from Charleston: Big Reveal In Double Homicide Case
              </a>
            </td>
            <td
              class="sc-ftTHYK dyYHEN"
              data-testid="podcast-episode-release-date"
            >
              11/10/2022
            </td>
            <td
              class="sc-ftTHYK dyYHEN"
              data-testid="podcast-episode-length"
            >
              00:45:19
            </td>
          </tr>
          <tr
            class="sc-gKPRtg czFCta"
            data-testid="podcast-episode-1000584745954"
          >
            <td
              class="sc-ftTHYK dyYHEN"
            >
              <a
                class="sc-bcXHqe sc-pyfCe iklKes hLSKwC"
                data-testid="podcast-episode-link"
                href="/episode/1000584745954"
              >
                Who Killed Maggie and Paul? Part Five
              </a>
            </td>
            <td
              class="sc-ftTHYK dyYHEN"
              data-testid="podcast-episode-release-date"
            >
              11/2/2022
            </td>
            <td
              class="sc-ftTHYK dyYHEN"
              data-testid="podcast-episode-length"
            >
              01:06:35
            </td>
          </tr>
          <tr
            class="sc-gKPRtg czFCta"
            data-testid="podcast-episode-1000583922474"
          >
            <td
              class="sc-ftTHYK dyYHEN"
            >
              <a
                class="sc-bcXHqe sc-pyfCe iklKes hLSKwC"
                data-testid="podcast-episode-link"
                href="/episode/1000583922474"
              >
                Land of No Consequences: ‘Judge Mullen Is Wanting To Make Stuff Up’
              </a>
            </td>
            <td
              class="sc-ftTHYK dyYHEN"
              data-testid="podcast-episode-release-date"
            >
              10/26/2022
            </td>
            <td
              class="sc-ftTHYK dyYHEN"
              data-testid="podcast-episode-length"
            >
              00:59:11
            </td>
          </tr>
          <tr
            class="sc-gKPRtg czFCta"
            data-testid="podcast-episode-1000581641513"
          >
            <td
              class="sc-ftTHYK dyYHEN"
            >
              <a
                class="sc-bcXHqe sc-pyfCe iklKes hLSKwC"
                data-testid="podcast-episode-link"
                href="/episode/1000581641513"
              >
                The Curious Case of Arthur Badger
              </a>
            </td>
            <td
              class="sc-ftTHYK dyYHEN"
              data-testid="podcast-episode-release-date"
            >
              10/5/2022
            </td>
            <td
              class="sc-ftTHYK dyYHEN"
              data-testid="podcast-episode-length"
            >
              00:57:01
            </td>
          </tr>
          <tr
            class="sc-gKPRtg czFCta"
            data-testid="podcast-episode-1000580878733"
          >
            <td
              class="sc-ftTHYK dyYHEN"
            >
              <a
                class="sc-bcXHqe sc-pyfCe iklKes hLSKwC"
                data-testid="podcast-episode-link"
                href="/episode/1000580878733"
              >
                Who Are They Protecting? Part One
              </a>
            </td>
            <td
              class="sc-ftTHYK dyYHEN"
              data-testid="podcast-episode-release-date"
            >
              9/28/2022
            </td>
            <td
              class="sc-ftTHYK dyYHEN"
              data-testid="podcast-episode-length"
            >
              00:42:49
            </td>
          </tr>
          <tr
            class="sc-gKPRtg czFCta"
            data-testid="podcast-episode-1000580160447"
          >
            <td
              class="sc-ftTHYK dyYHEN"
            >
              <a
                class="sc-bcXHqe sc-pyfCe iklKes hLSKwC"
                data-testid="podcast-episode-link"
                href="/episode/1000580160447"
              >
                'Rich People Problems': The Victimization of Russell Laffitte
              </a>
            </td>
            <td
              class="sc-ftTHYK dyYHEN"
              data-testid="podcast-episode-release-date"
            >
              9/21/2022
            </td>
            <td
              class="sc-ftTHYK dyYHEN"
              data-testid="podcast-episode-length"
            >
              01:06:57
            </td>
          </tr>
          <tr
            class="sc-gKPRtg czFCta"
            data-testid="podcast-episode-1000579419366"
          >
            <td
              class="sc-ftTHYK dyYHEN"
            >
              <a
                class="sc-bcXHqe sc-pyfCe iklKes hLSKwC"
                data-testid="podcast-episode-link"
                href="/episode/1000579419366"
              >
                Who Killed Stephen Smith? Part Six
              </a>
            </td>
            <td
              class="sc-ftTHYK dyYHEN"
              data-testid="podcast-episode-release-date"
            >
              9/14/2022
            </td>
            <td
              class="sc-ftTHYK dyYHEN"
              data-testid="podcast-episode-length"
            >
              00:53:02
            </td>
          </tr>
          <tr
            class="sc-gKPRtg czFCta"
            data-testid="podcast-episode-1000578657552"
          >
            <td
              class="sc-ftTHYK dyYHEN"
            >
              <a
                class="sc-bcXHqe sc-pyfCe iklKes hLSKwC"
                data-testid="podcast-episode-link"
                href="/episode/1000578657552"
              >
                The Big Picture Comes Into Focus - What Happened To The Money? Part Five
              </a>
            </td>
            <td
              class="sc-ftTHYK dyYHEN"
              data-testid="podcast-episode-release-date"
            >
              9/7/2022
            </td>
            <td
              class="sc-ftTHYK dyYHEN"
              data-testid="podcast-episode-length"
            >
              00:48:24
            </td>
          </tr>
          <tr
            class="sc-gKPRtg czFCta"
            data-testid="podcast-episode-1000577879261"
          >
            <td
              class="sc-ftTHYK dyYHEN"
            >
              <a
                class="sc-bcXHqe sc-pyfCe iklKes hLSKwC"
                data-testid="podcast-episode-link"
                href="/episode/1000577879261"
              >
                Judge Newman Orders Full Stop On Dick's ‘Carnival Court’
              </a>
            </td>
            <td
              class="sc-ftTHYK dyYHEN"
              data-testid="podcast-episode-release-date"
            >
              8/31/2022
            </td>
            <td
              class="sc-ftTHYK dyYHEN"
              data-testid="podcast-episode-length"
            >
              01:12:20
            </td>
          </tr>
          <tr
            class="sc-gKPRtg czFCta"
            data-testid="podcast-episode-1000577175684"
          >
            <td
              class="sc-ftTHYK dyYHEN"
            >
              <a
                class="sc-bcXHqe sc-pyfCe iklKes hLSKwC"
                data-testid="podcast-episode-link"
                href="/episode/1000577175684"
              >
                ‘If You Come For The King, You Best Not Miss’: Chaos In The Murder Case
              </a>
            </td>
            <td
              class="sc-ftTHYK dyYHEN"
              data-testid="podcast-episode-release-date"
            >
              8/24/2022
            </td>
            <td
              class="sc-ftTHYK dyYHEN"
              data-testid="podcast-episode-length"
            >
              00:56:38
            </td>
          </tr>
          <tr
            class="sc-gKPRtg czFCta"
            data-testid="podcast-episode-1000576337700"
          >
            <td
              class="sc-ftTHYK dyYHEN"
            >
              <a
                class="sc-bcXHqe sc-pyfCe iklKes hLSKwC"
                data-testid="podcast-episode-link"
                href="/episode/1000576337700"
              >
                Broken Trust & The Unseen Villains
              </a>
            </td>
            <td
              class="sc-ftTHYK dyYHEN"
              data-testid="podcast-episode-release-date"
            >
              8/17/2022
            </td>
            <td
              class="sc-ftTHYK dyYHEN"
              data-testid="podcast-episode-length"
            >
              00:57:54
            </td>
          </tr>
          <tr
            class="sc-gKPRtg czFCta"
            data-testid="podcast-episode-1000575616436"
          >
            <td
              class="sc-ftTHYK dyYHEN"
            >
              <a
                class="sc-bcXHqe sc-pyfCe iklKes hLSKwC"
                data-testid="podcast-episode-link"
                href="/episode/1000575616436"
              >
                'The Magic Men' - What Happened To The Plylers?
              </a>
            </td>
            <td
              class="sc-ftTHYK dyYHEN"
              data-testid="podcast-episode-release-date"
            >
              8/10/2022
            </td>
            <td
              class="sc-ftTHYK dyYHEN"
              data-testid="podcast-episode-length"
            >
              01:11:27
            </td>
          </tr>
          <tr
            class="sc-gKPRtg czFCta"
            data-testid="podcast-episode-1000574859571"
          >
            <td
              class="sc-ftTHYK dyYHEN"
            >
              <a
                class="sc-bcXHqe sc-pyfCe iklKes hLSKwC"
                data-testid="podcast-episode-link"
                href="/episode/1000574859571"
              >
                What Happened To Hakeem Pinckney? Part Two
              </a>
            </td>
            <td
              class="sc-ftTHYK dyYHEN"
              data-testid="podcast-episode-release-date"
            >
              8/3/2022
            </td>
            <td
              class="sc-ftTHYK dyYHEN"
              data-testid="podcast-episode-length"
            >
              00:49:33
            </td>
          </tr>
          <tr
            class="sc-gKPRtg czFCta"
            data-testid="podcast-episode-1000571292394"
          >
            <td
              class="sc-ftTHYK dyYHEN"
            >
              <a
                class="sc-bcXHqe sc-pyfCe iklKes hLSKwC"
                data-testid="podcast-episode-link"
                href="/episode/1000571292394"
              >
                Our Entire System On Trial
              </a>
            </td>
            <td
              class="sc-ftTHYK dyYHEN"
              data-testid="podcast-episode-release-date"
            >
              7/27/2022
            </td>
            <td
              class="sc-ftTHYK dyYHEN"
              data-testid="podcast-episode-length"
            >
              01:01:00
            </td>
          </tr>
          <tr
            class="sc-gKPRtg czFCta"
            data-testid="podcast-episode-1000570650769"
          >
            <td
              class="sc-ftTHYK dyYHEN"
            >
              <a
                class="sc-bcXHqe sc-pyfCe iklKes hLSKwC"
                data-testid="podcast-episode-link"
                href="/episode/1000570650769"
              >
                Alex Murdaugh Charged With Murder And Denied Bond: What’s next?
              </a>
            </td>
            <td
              class="sc-ftTHYK dyYHEN"
              data-testid="podcast-episode-release-date"
            >
              7/21/2022
            </td>
            <td
              class="sc-ftTHYK dyYHEN"
              data-testid="podcast-episode-length"
            >
              00:46:50
            </td>
          </tr>
          <tr
            class="sc-gKPRtg czFCta"
            data-testid="podcast-episode-1000569803368"
          >
            <td
              class="sc-ftTHYK dyYHEN"
            >
              <a
                class="sc-bcXHqe sc-pyfCe iklKes hLSKwC"
                data-testid="podcast-episode-link"
                href="/episode/1000569803368"
              >
                Alex Murdaugh To Be Charged With Killing Wife Maggie And Son Paul
              </a>
            </td>
            <td
              class="sc-ftTHYK dyYHEN"
              data-testid="podcast-episode-release-date"
            >
              7/13/2022
            </td>
            <td
              class="sc-ftTHYK dyYHEN"
              data-testid="podcast-episode-length"
            >
              00:44:51
            </td>
          </tr>
          <tr
            class="sc-gKPRtg czFCta"
            data-testid="podcast-episode-1000568084734"
          >
            <td
              class="sc-ftTHYK dyYHEN"
            >
              <a
                class="sc-bcXHqe sc-pyfCe iklKes hLSKwC"
                data-testid="podcast-episode-link"
                href="/episode/1000568084734"
              >
                "Overkill" : Incoming Call From Alex Murdaugh - Part Four
              </a>
            </td>
            <td
              class="sc-ftTHYK dyYHEN"
              data-testid="podcast-episode-release-date"
            >
              6/29/2022
            </td>
            <td
              class="sc-ftTHYK dyYHEN"
              data-testid="podcast-episode-length"
            >
              00:57:33
            </td>
          </tr>
          <tr
            class="sc-gKPRtg czFCta"
            data-testid="podcast-episode-1000567405705"
          >
            <td
              class="sc-ftTHYK dyYHEN"
            >
              <a
                class="sc-bcXHqe sc-pyfCe iklKes hLSKwC"
                data-testid="podcast-episode-link"
                href="/episode/1000567405705"
              >
                Incoming Call From Alex Murdaugh - Part Three
              </a>
            </td>
            <td
              class="sc-ftTHYK dyYHEN"
              data-testid="podcast-episode-release-date"
            >
              6/22/2022
            </td>
            <td
              class="sc-ftTHYK dyYHEN"
              data-testid="podcast-episode-length"
            >
              01:07:19
            </td>
          </tr>
          <tr
            class="sc-gKPRtg czFCta"
            data-testid="podcast-episode-1000566461635"
          >
            <td
              class="sc-ftTHYK dyYHEN"
            >
              <a
                class="sc-bcXHqe sc-pyfCe iklKes hLSKwC"
                data-testid="podcast-episode-link"
                href="/episode/1000566461635"
              >
                Incoming Call From Alex Murdaugh - Part Two
              </a>
            </td>
            <td
              class="sc-ftTHYK dyYHEN"
              data-testid="podcast-episode-release-date"
            >
              6/15/2022
            </td>
            <td
              class="sc-ftTHYK dyYHEN"
              data-testid="podcast-episode-length"
            >
              00:43:46
            </td>
          </tr>
          <tr
            class="sc-gKPRtg czFCta"
            data-testid="podcast-episode-1000565602624"
          >
            <td
              class="sc-ftTHYK dyYHEN"
            >
              <a
                class="sc-bcXHqe sc-pyfCe iklKes hLSKwC"
                data-testid="podcast-episode-link"
                href="/episode/1000565602624"
              >
                Means, Motive & Opportunity - Who Killed Maggie & Paul? Part Four
              </a>
            </td>
            <td
              class="sc-ftTHYK dyYHEN"
              data-testid="podcast-episode-release-date"
            >
              6/8/2022
            </td>
            <td
              class="sc-ftTHYK dyYHEN"
              data-testid="podcast-episode-length"
            >
              00:39:13
            </td>
          </tr>
          <tr
            class="sc-gKPRtg czFCta"
            data-testid="podcast-episode-1000564784094"
          >
            <td
              class="sc-ftTHYK dyYHEN"
            >
              <a
                class="sc-bcXHqe sc-pyfCe iklKes hLSKwC"
                data-testid="podcast-episode-link"
                href="/episode/1000564784094"
              >
                Overdrawn and Under The Radar - What Happened To The Money? Part Four
              </a>
            </td>
            <td
              class="sc-ftTHYK dyYHEN"
              data-testid="podcast-episode-release-date"
            >
              6/1/2022
            </td>
            <td
              class="sc-ftTHYK dyYHEN"
              data-testid="podcast-episode-length"
            >
              00:49:41
            </td>
          </tr>
          <tr
            class="sc-gKPRtg czFCta"
            data-testid="podcast-episode-1000563724122"
          >
            <td
              class="sc-ftTHYK dyYHEN"
            >
              <a
                class="sc-bcXHqe sc-pyfCe iklKes hLSKwC"
                data-testid="podcast-episode-link"
                href="/episode/1000563724122"
              >
                Alex Murdaugh’s Ground Zero: The Case That Changed Everything
              </a>
            </td>
            <td
              class="sc-ftTHYK dyYHEN"
              data-testid="podcast-episode-release-date"
            >
              5/25/2022
            </td>
            <td
              class="sc-ftTHYK dyYHEN"
              data-testid="podcast-episode-length"
            >
              00:48:54
            </td>
          </tr>
          <tr
            class="sc-gKPRtg czFCta"
            data-testid="podcast-episode-1000562135304"
          >
            <td
              class="sc-ftTHYK dyYHEN"
            >
              <a
                class="sc-bcXHqe sc-pyfCe iklKes hLSKwC"
                data-testid="podcast-episode-link"
                href="/episode/1000562135304"
              >
                What Happened To Gloria Satterfield? Part Six
              </a>
            </td>
            <td
              class="sc-ftTHYK dyYHEN"
              data-testid="podcast-episode-release-date"
            >
              5/18/2022
            </td>
            <td
              class="sc-ftTHYK dyYHEN"
              data-testid="podcast-episode-length"
            >
              01:00:22
            </td>
          </tr>
          <tr
            class="sc-gKPRtg czFCta"
            data-testid="podcast-episode-1000560433238"
          >
            <td
              class="sc-ftTHYK dyYHEN"
            >
              <a
                class="sc-bcXHqe sc-pyfCe iklKes hLSKwC"
                data-testid="podcast-episode-link"
                href="/episode/1000560433238"
              >
                ‘The Devil’s In The Details’: Russell Laffitte Indicted On 21 Charges + Bowen Turner Arrested
              </a>
            </td>
            <td
              class="sc-ftTHYK dyYHEN"
              data-testid="podcast-episode-release-date"
            >
              5/11/2022
            </td>
            <td
              class="sc-ftTHYK dyYHEN"
              data-testid="podcast-episode-length"
            >
              00:55:36
            </td>
          </tr>
          <tr
            class="sc-gKPRtg czFCta"
            data-testid="podcast-episode-1000559547748"
          >
            <td
              class="sc-ftTHYK dyYHEN"
            >
              <a
                class="sc-bcXHqe sc-pyfCe iklKes hLSKwC"
                data-testid="podcast-episode-link"
                href="/episode/1000559547748"
              >
                How Many People Will Go Down For This? Part Two
              </a>
            </td>
            <td
              class="sc-ftTHYK dyYHEN"
              data-testid="podcast-episode-release-date"
            >
              5/4/2022
            </td>
            <td
              class="sc-ftTHYK dyYHEN"
              data-testid="podcast-episode-length"
            >
              00:46:44
            </td>
          </tr>
          <tr
            class="sc-gKPRtg czFCta"
            data-testid="podcast-episode-1000558828574"
          >
            <td
              class="sc-ftTHYK dyYHEN"
            >
              <a
                class="sc-bcXHqe sc-pyfCe iklKes hLSKwC"
                data-testid="podcast-episode-link"
                href="/episode/1000558828574"
              >
                Who Killed Maggie and Paul Murdaugh? Part Three
              </a>
            </td>
            <td
              class="sc-ftTHYK dyYHEN"
              data-testid="podcast-episode-release-date"
            >
              4/27/2022
            </td>
            <td
              class="sc-ftTHYK dyYHEN"
              data-testid="podcast-episode-length"
            >
              00:37:03
            </td>
          </tr>
          <tr
            class="sc-gKPRtg czFCta"
            data-testid="podcast-episode-1000558123946"
          >
            <td
              class="sc-ftTHYK dyYHEN"
            >
              <a
                class="sc-bcXHqe sc-pyfCe iklKes hLSKwC"
                data-testid="podcast-episode-link"
                href="/episode/1000558123946"
              >
                Hutt-winked and Harpootlianed: The Good Ole Boys Strike Back
              </a>
            </td>
            <td
              class="sc-ftTHYK dyYHEN"
              data-testid="podcast-episode-release-date"
            >
              4/20/2022
            </td>
            <td
              class="sc-ftTHYK dyYHEN"
              data-testid="podcast-episode-length"
            >
              00:45:20
            </td>
          </tr>
          <tr
            class="sc-gKPRtg czFCta"
            data-testid="podcast-episode-1000557450960"
          >
            <td
              class="sc-ftTHYK dyYHEN"
            >
              <a
                class="sc-bcXHqe sc-pyfCe iklKes hLSKwC"
                data-testid="podcast-episode-link"
                href="/episode/1000557450960"
              >
                Bowen Turner & The Two Systems Of Justice
              </a>
            </td>
            <td
              class="sc-ftTHYK dyYHEN"
              data-testid="podcast-episode-release-date"
            >
              4/13/2022
            </td>
            <td
              class="sc-ftTHYK dyYHEN"
              data-testid="podcast-episode-length"
            >
              01:01:03
            </td>
          </tr>
          <tr
            class="sc-gKPRtg czFCta"
            data-testid="podcast-episode-1000556384684"
          >
            <td
              class="sc-ftTHYK dyYHEN"
            >
              <a
                class="sc-bcXHqe sc-pyfCe iklKes hLSKwC"
                data-testid="podcast-episode-link"
                href="/episode/1000556384684"
              >
                Doubling Down On Duffie Stone - Conduct and Conflicts In The 14th Circuit
              </a>
            </td>
            <td
              class="sc-ftTHYK dyYHEN"
              data-testid="podcast-episode-release-date"
            >
              4/6/2022
            </td>
            <td
              class="sc-ftTHYK dyYHEN"
              data-testid="podcast-episode-length"
            >
              00:47:39
            </td>
          </tr>
          <tr
            class="sc-gKPRtg czFCta"
            data-testid="podcast-episode-1000555675383"
          >
            <td
              class="sc-ftTHYK dyYHEN"
            >
              <a
                class="sc-bcXHqe sc-pyfCe iklKes hLSKwC"
                data-testid="podcast-episode-link"
                href="/episode/1000555675383"
              >
                Transparency or Trickery? John Marvin And The Murdaugh Money
              </a>
            </td>
            <td
              class="sc-ftTHYK dyYHEN"
              data-testid="podcast-episode-release-date"
            >
              3/30/2022
            </td>
            <td
              class="sc-ftTHYK dyYHEN"
              data-testid="podcast-episode-length"
            >
              00:46:45
            </td>
          </tr>
          <tr
            class="sc-gKPRtg czFCta"
            data-testid="podcast-episode-1000554943477"
          >
            <td
              class="sc-ftTHYK dyYHEN"
            >
              <a
                class="sc-bcXHqe sc-pyfCe iklKes hLSKwC"
                data-testid="podcast-episode-link"
                href="/episode/1000554943477"
              >
                "Dear Cory": Letters, Lies And The Law
              </a>
            </td>
            <td
              class="sc-ftTHYK dyYHEN"
              data-testid="podcast-episode-release-date"
            >
              3/23/2022
            </td>
            <td
              class="sc-ftTHYK dyYHEN"
              data-testid="podcast-episode-length"
            >
              00:46:41
            </td>
          </tr>
          <tr
            class="sc-gKPRtg czFCta"
            data-testid="podcast-episode-1000554296295"
          >
            <td
              class="sc-ftTHYK dyYHEN"
            >
              <a
                class="sc-bcXHqe sc-pyfCe iklKes hLSKwC"
                data-testid="podcast-episode-link"
                href="/episode/1000554296295"
              >
                ‘A Golden Day For Justice’: Cory Fleming Indicted On 18 Charges
              </a>
            </td>
            <td
              class="sc-ftTHYK dyYHEN"
              data-testid="podcast-episode-release-date"
            >
              3/17/2022
            </td>
            <td
              class="sc-ftTHYK dyYHEN"
              data-testid="podcast-episode-length"
            >
              00:34:57
            </td>
          </tr>
        </tbody>
      </table>
    </div>
  </div>
</DocumentFragment>
`;
